ERROR:app:Exception on /api/notify/send [POST]
Traceback (most recent call last):
  File "D:\Lib\site-packages\flask\app.py", line 1511, in wsgi_app
    response = self.full_dispatch_request()
  File "D:\Lib\site-packages\flask\app.py", line 919, in full_dispatch_request
    rv = self.handle_user_exception(e)
  File "D:\Lib\site-packages\flask\app.py", line 917, in full_dispatch_request
    rv = self.dispatch_request()
  File "D:\Lib\site-packages\flask\app.py", line 902, in dispatch_request
    return self.ensure_sync(self.view_functions[rule.endpoint])(**view_args)  # type: ignore[no-any-return]
           ~~~~~~~~~~~~~~~~~~~~~~~~~~~~~~~~~~~~~~~~~~~~~~~~~~~~^^^^^^^^^^^^^
  File "d:\Gitee项目\排班系统\app.py", line 1046, in api_notify_send
    "work_types": json.loads(r["work_types"]) if r.get("work_types") else [],
                                                 ^^^^^
AttributeError: 'sqlite3.Row' object has no attribute 'get'
ERROR:app:Exception on /api/notify/preview [GET]
Traceback (most recent call last):
  File "D:\Lib\site-packages\flask\app.py", line 1511, in wsgi_app
    response = self.full_dispatch_request()
  File "D:\Lib\site-packages\flask\app.py", line 919, in full_dispatch_request
    rv = self.handle_user_exception(e)
  File "D:\Lib\site-packages\flask\app.py", line 917, in full_dispatch_request
    rv = self.dispatch_request()
  File "D:\Lib\site-packages\flask\app.py", line 902, in dispatch_request
    return self.ensure_sync(self.view_functions[rule.endpoint])(**view_args)  # type: ignore[no-any-return]
           ~~~~~~~~~~~~~~~~~~~~~~~~~~~~~~~~~~~~~~~~~~~~~~~~~~~~^^^^^^^^^^^^^
  File "d:\Gitee项目\排班系统\app.py", line 1113, in api_notify_preview
    "work_types": json.loads(r["work_types"]) if r.get("work_types") else [],
                                                 ^^^^^
AttributeError: 'sqlite3.Row' object has no attribute 'get'
